/home/isidro_valeriano/ws/src/TP-Final-Robotica/install/tpf/lib/python3.10/site-packages/tpf/navigation_manager.py
/home/isidro_valeriano/ws/src/TP-Final-Robotica/install/tpf/lib/python3.10/site-packages/tpf/corrected_map_node.py
/home/isidro_valeriano/ws/src/TP-Final-Robotica/install/tpf/lib/python3.10/site-packages/tpf/obstacle_avoidance.py
/home/isidro_valeriano/ws/src/TP-Final-Robotica/install/tpf/lib/python3.10/site-packages/tpf/odom_logger.py
/home/isidro_valeriano/ws/src/TP-Final-Robotica/install/tpf/lib/python3.10/site-packages/tpf/graph_slam_v0.py
/home/isidro_valeriano/ws/src/TP-Final-Robotica/install/tpf/lib/python3.10/site-packages/tpf/analyze_logs.py
/home/isidro_valeriano/ws/src/TP-Final-Robotica/install/tpf/lib/python3.10/site-packages/tpf/virtual_landmark_sensor.py
/home/isidro_valeriano/ws/src/TP-Final-Robotica/install/tpf/lib/python3.10/site-packages/tpf/graph_slam_v1.py
/home/isidro_valeriano/ws/src/TP-Final-Robotica/install/tpf/lib/python3.10/site-packages/tpf/cone_detector.py
/home/isidro_valeriano/ws/src/TP-Final-Robotica/install/tpf/lib/python3.10/site-packages/tpf/path_follower.py
/home/isidro_valeriano/ws/src/TP-Final-Robotica/install/tpf/lib/python3.10/site-packages/tpf/graph_slam.py
/home/isidro_valeriano/ws/src/TP-Final-Robotica/install/tpf/lib/python3.10/site-packages/tpf/debug.py
/home/isidro_valeriano/ws/src/TP-Final-Robotica/install/tpf/lib/python3.10/site-packages/tpf/landmarks_publisher.py
/home/isidro_valeriano/ws/src/TP-Final-Robotica/install/tpf/lib/python3.10/site-packages/tpf/cone_mission_manager.py
/home/isidro_valeriano/ws/src/TP-Final-Robotica/install/tpf/lib/python3.10/site-packages/tpf/particle_localizer.py
/home/isidro_valeriano/ws/src/TP-Final-Robotica/install/tpf/lib/python3.10/site-packages/tpf/scan_logger.py
/home/isidro_valeriano/ws/src/TP-Final-Robotica/install/tpf/lib/python3.10/site-packages/tpf/path_planner.py
/home/isidro_valeriano/ws/src/TP-Final-Robotica/install/tpf/lib/python3.10/site-packages/tpf/__init__.py
/home/isidro_valeriano/ws/src/TP-Final-Robotica/install/tpf/lib/python3.10/site-packages/tpf/aruco_detector.py
/home/isidro_valeriano/ws/src/TP-Final-Robotica/install/tpf/lib/python3.10/site-packages/tpf/__pycache__/navigation_manager.cpython-310.pyc
/home/isidro_valeriano/ws/src/TP-Final-Robotica/install/tpf/lib/python3.10/site-packages/tpf/__pycache__/corrected_map_node.cpython-310.pyc
/home/isidro_valeriano/ws/src/TP-Final-Robotica/install/tpf/lib/python3.10/site-packages/tpf/__pycache__/obstacle_avoidance.cpython-310.pyc
/home/isidro_valeriano/ws/src/TP-Final-Robotica/install/tpf/lib/python3.10/site-packages/tpf/__pycache__/odom_logger.cpython-310.pyc
/home/isidro_valeriano/ws/src/TP-Final-Robotica/install/tpf/lib/python3.10/site-packages/tpf/__pycache__/graph_slam_v0.cpython-310.pyc
/home/isidro_valeriano/ws/src/TP-Final-Robotica/install/tpf/lib/python3.10/site-packages/tpf/__pycache__/analyze_logs.cpython-310.pyc
/home/isidro_valeriano/ws/src/TP-Final-Robotica/install/tpf/lib/python3.10/site-packages/tpf/__pycache__/virtual_landmark_sensor.cpython-310.pyc
/home/isidro_valeriano/ws/src/TP-Final-Robotica/install/tpf/lib/python3.10/site-packages/tpf/__pycache__/graph_slam_v1.cpython-310.pyc
/home/isidro_valeriano/ws/src/TP-Final-Robotica/install/tpf/lib/python3.10/site-packages/tpf/__pycache__/cone_detector.cpython-310.pyc
/home/isidro_valeriano/ws/src/TP-Final-Robotica/install/tpf/lib/python3.10/site-packages/tpf/__pycache__/path_follower.cpython-310.pyc
/home/isidro_valeriano/ws/src/TP-Final-Robotica/install/tpf/lib/python3.10/site-packages/tpf/__pycache__/graph_slam.cpython-310.pyc
/home/isidro_valeriano/ws/src/TP-Final-Robotica/install/tpf/lib/python3.10/site-packages/tpf/__pycache__/debug.cpython-310.pyc
/home/isidro_valeriano/ws/src/TP-Final-Robotica/install/tpf/lib/python3.10/site-packages/tpf/__pycache__/landmarks_publisher.cpython-310.pyc
/home/isidro_valeriano/ws/src/TP-Final-Robotica/install/tpf/lib/python3.10/site-packages/tpf/__pycache__/cone_mission_manager.cpython-310.pyc
/home/isidro_valeriano/ws/src/TP-Final-Robotica/install/tpf/lib/python3.10/site-packages/tpf/__pycache__/particle_localizer.cpython-310.pyc
/home/isidro_valeriano/ws/src/TP-Final-Robotica/install/tpf/lib/python3.10/site-packages/tpf/__pycache__/scan_logger.cpython-310.pyc
/home/isidro_valeriano/ws/src/TP-Final-Robotica/install/tpf/lib/python3.10/site-packages/tpf/__pycache__/path_planner.cpython-310.pyc
/home/isidro_valeriano/ws/src/TP-Final-Robotica/install/tpf/lib/python3.10/site-packages/tpf/__pycache__/__init__.cpython-310.pyc
/home/isidro_valeriano/ws/src/TP-Final-Robotica/install/tpf/lib/python3.10/site-packages/tpf/__pycache__/aruco_detector.cpython-310.pyc
/home/isidro_valeriano/ws/src/TP-Final-Robotica/install/tpf/share/ament_index/resource_index/packages/tpf
/home/isidro_valeriano/ws/src/TP-Final-Robotica/install/tpf/share/tpf/package.xml
/home/isidro_valeriano/ws/src/TP-Final-Robotica/install/tpf/share/tpf/launch/parte_b.launch.py
/home/isidro_valeriano/ws/src/TP-Final-Robotica/install/tpf/share/tpf/launch/parte_c.launch.py
/home/isidro_valeriano/ws/src/TP-Final-Robotica/install/tpf/share/tpf/launch/tp_final.launch.py
/home/isidro_valeriano/ws/src/TP-Final-Robotica/install/tpf/share/tpf/rviz/parte_b.rviz
/home/isidro_valeriano/ws/src/TP-Final-Robotica/install/tpf/share/tpf/rviz/tpf.rviz
/home/isidro_valeriano/ws/src/TP-Final-Robotica/install/tpf/share/tpf/rviz/parte_c.rviz
/home/isidro_valeriano/ws/src/TP-Final-Robotica/install/tpf/share/tpf/maps/map_real.yaml
/home/isidro_valeriano/ws/src/TP-Final-Robotica/install/tpf/share/tpf/maps/map.yaml
/home/isidro_valeriano/ws/src/TP-Final-Robotica/install/tpf/share/tpf/maps/map.pgm
/home/isidro_valeriano/ws/src/TP-Final-Robotica/install/tpf/share/tpf/maps/map_real.pgm
/home/isidro_valeriano/ws/src/TP-Final-Robotica/install/tpf/share/tpf/maps/map_real.png
/home/isidro_valeriano/ws/src/TP-Final-Robotica/install/tpf/share/tpf/maps2/map2.yaml
/home/isidro_valeriano/ws/src/TP-Final-Robotica/install/tpf/share/tpf/maps2/map2.png
/home/isidro_valeriano/ws/src/TP-Final-Robotica/install/tpf/share/tpf/maps2/map2.pgm
/home/isidro_valeriano/ws/src/TP-Final-Robotica/install/tpf/share/tpf/config/virtual_landmarks.csv
/home/isidro_valeriano/ws/src/TP-Final-Robotica/install/tpf/lib/python3.10/site-packages/tpf-0.0.0-py3.10.egg-info/top_level.txt
/home/isidro_valeriano/ws/src/TP-Final-Robotica/install/tpf/lib/python3.10/site-packages/tpf-0.0.0-py3.10.egg-info/entry_points.txt
/home/isidro_valeriano/ws/src/TP-Final-Robotica/install/tpf/lib/python3.10/site-packages/tpf-0.0.0-py3.10.egg-info/PKG-INFO
/home/isidro_valeriano/ws/src/TP-Final-Robotica/install/tpf/lib/python3.10/site-packages/tpf-0.0.0-py3.10.egg-info/requires.txt
/home/isidro_valeriano/ws/src/TP-Final-Robotica/install/tpf/lib/python3.10/site-packages/tpf-0.0.0-py3.10.egg-info/SOURCES.txt
/home/isidro_valeriano/ws/src/TP-Final-Robotica/install/tpf/lib/python3.10/site-packages/tpf-0.0.0-py3.10.egg-info/zip-safe
/home/isidro_valeriano/ws/src/TP-Final-Robotica/install/tpf/lib/python3.10/site-packages/tpf-0.0.0-py3.10.egg-info/dependency_links.txt
/home/isidro_valeriano/ws/src/TP-Final-Robotica/install/tpf/lib/tpf/analyze_logs
/home/isidro_valeriano/ws/src/TP-Final-Robotica/install/tpf/lib/tpf/aruco_detector
/home/isidro_valeriano/ws/src/TP-Final-Robotica/install/tpf/lib/tpf/cone_detector
/home/isidro_valeriano/ws/src/TP-Final-Robotica/install/tpf/lib/tpf/cone_mission_manager
/home/isidro_valeriano/ws/src/TP-Final-Robotica/install/tpf/lib/tpf/corrected_map_node
/home/isidro_valeriano/ws/src/TP-Final-Robotica/install/tpf/lib/tpf/graph_slam
/home/isidro_valeriano/ws/src/TP-Final-Robotica/install/tpf/lib/tpf/landmarks_publisher
/home/isidro_valeriano/ws/src/TP-Final-Robotica/install/tpf/lib/tpf/navigation_manager
/home/isidro_valeriano/ws/src/TP-Final-Robotica/install/tpf/lib/tpf/obstacle_avoidance
/home/isidro_valeriano/ws/src/TP-Final-Robotica/install/tpf/lib/tpf/odom_logger
/home/isidro_valeriano/ws/src/TP-Final-Robotica/install/tpf/lib/tpf/particle_localizer
/home/isidro_valeriano/ws/src/TP-Final-Robotica/install/tpf/lib/tpf/path_follower
/home/isidro_valeriano/ws/src/TP-Final-Robotica/install/tpf/lib/tpf/path_planner
/home/isidro_valeriano/ws/src/TP-Final-Robotica/install/tpf/lib/tpf/scan_logger
/home/isidro_valeriano/ws/src/TP-Final-Robotica/install/tpf/lib/tpf/virtual_landmark_sensor
