[1.741s] Invoking command in '/home/isidro_valeriano/ws/src/TP-Final-Robotica/tpf': PYTHONPATH=/home/isidro_valeriano/ws/src/TP-Final-Robotica/build/tpf/prefix_override:/usr/lib/python3/dist-packages/colcon_core/task/python/colcon_distutils_commands:/home/isidro_valeriano/ws/src/TP-Final-Robotica/install/tpf/lib/python3.10/site-packages:${PYTHONPATH} /usr/bin/python3 -W ignore:setup.py install is deprecated -W ignore:easy_install command is deprecated setup.py egg_info --egg-base ../build/tpf build --build-base /home/isidro_valeriano/ws/src/TP-Final-Robotica/build/tpf/build install --record /home/isidro_valeriano/ws/src/TP-Final-Robotica/build/tpf/install.log --single-version-externally-managed install_data
[2.205s] running egg_info
[2.206s] writing ../build/tpf/tpf.egg-info/PKG-INFO
[2.207s] writing dependency_links to ../build/tpf/tpf.egg-info/dependency_links.txt
[2.207s] writing entry points to ../build/tpf/tpf.egg-info/entry_points.txt
[2.208s] writing requirements to ../build/tpf/tpf.egg-info/requires.txt
[2.208s] writing top-level names to ../build/tpf/tpf.egg-info/top_level.txt
[2.211s] reading manifest file '../build/tpf/tpf.egg-info/SOURCES.txt'
[2.239s] writing manifest file '../build/tpf/tpf.egg-info/SOURCES.txt'
[2.239s] running build
[2.239s] running build_py
[2.241s] running install
[2.242s] running install_lib
[2.246s] running install_data
[2.248s] running install_egg_info
[2.252s] removing '/home/isidro_valeriano/ws/src/TP-Final-Robotica/install/tpf/lib/python3.10/site-packages/tpf-0.0.0-py3.10.egg-info' (and everything under it)
[2.252s] Copying ../build/tpf/tpf.egg-info to /home/isidro_valeriano/ws/src/TP-Final-Robotica/install/tpf/lib/python3.10/site-packages/tpf-0.0.0-py3.10.egg-info
[2.255s] running install_scripts
[2.285s] Installing analyze_logs script to /home/isidro_valeriano/ws/src/TP-Final-Robotica/install/tpf/lib/tpf
[2.286s] Installing aruco_detector script to /home/isidro_valeriano/ws/src/TP-Final-Robotica/install/tpf/lib/tpf
[2.286s] Installing cone_detector script to /home/isidro_valeriano/ws/src/TP-Final-Robotica/install/tpf/lib/tpf
[2.286s] Installing cone_mission_manager script to /home/isidro_valeriano/ws/src/TP-Final-Robotica/install/tpf/lib/tpf
[2.286s] Installing corrected_map_node script to /home/isidro_valeriano/ws/src/TP-Final-Robotica/install/tpf/lib/tpf
[2.287s] Installing graph_slam script to /home/isidro_valeriano/ws/src/TP-Final-Robotica/install/tpf/lib/tpf
[2.287s] Installing landmarks_publisher script to /home/isidro_valeriano/ws/src/TP-Final-Robotica/install/tpf/lib/tpf
[2.287s] Installing navigation_manager script to /home/isidro_valeriano/ws/src/TP-Final-Robotica/install/tpf/lib/tpf
[2.288s] Installing obstacle_avoidance script to /home/isidro_valeriano/ws/src/TP-Final-Robotica/install/tpf/lib/tpf
[2.288s] Installing odom_logger script to /home/isidro_valeriano/ws/src/TP-Final-Robotica/install/tpf/lib/tpf
[2.289s] Installing particle_localizer script to /home/isidro_valeriano/ws/src/TP-Final-Robotica/install/tpf/lib/tpf
[2.289s] Installing path_follower script to /home/isidro_valeriano/ws/src/TP-Final-Robotica/install/tpf/lib/tpf
[2.289s] Installing path_planner script to /home/isidro_valeriano/ws/src/TP-Final-Robotica/install/tpf/lib/tpf
[2.289s] Installing scan_logger script to /home/isidro_valeriano/ws/src/TP-Final-Robotica/install/tpf/lib/tpf
[2.290s] Installing virtual_landmark_sensor script to /home/isidro_valeriano/ws/src/TP-Final-Robotica/install/tpf/lib/tpf
[2.291s] writing list of installed files to '/home/isidro_valeriano/ws/src/TP-Final-Robotica/build/tpf/install.log'
[2.334s] Invoked command in '/home/isidro_valeriano/ws/src/TP-Final-Robotica/tpf' returned '0': PYTHONPATH=/home/isidro_valeriano/ws/src/TP-Final-Robotica/build/tpf/prefix_override:/usr/lib/python3/dist-packages/colcon_core/task/python/colcon_distutils_commands:/home/isidro_valeriano/ws/src/TP-Final-Robotica/install/tpf/lib/python3.10/site-packages:${PYTHONPATH} /usr/bin/python3 -W ignore:setup.py install is deprecated -W ignore:easy_install command is deprecated setup.py egg_info --egg-base ../build/tpf build --build-base /home/isidro_valeriano/ws/src/TP-Final-Robotica/build/tpf/build install --record /home/isidro_valeriano/ws/src/TP-Final-Robotica/build/tpf/install.log --single-version-externally-managed install_data
